
> react-kavia@0.1.0 start
> cross-env EDIT_MODE=true webpack serve --config .ve/webpack.config.js --mode development

<i> [webpack-dev-server] Project is running at:
<i> [webpack-dev-server] Loopback: http://localhost:3000/, http://[::1]:3000/
<i> [webpack-dev-server] On Your Network (IPv4): http://172.17.0.2:3000/
<i> [webpack-dev-server] Content not from webpack is served from './public' directory
Injecting EditorRootWrapper import: ../.ve/EditorRootWrapper
asset bundle.js 1.59 MiB [emitted] (name: main)
asset index.html 1.98 KiB [emitted]
runtime modules 27.5 KiB 14 modules
orphan modules 681 bytes [orphan] 1 module
modules by path ./node_modules/ 1.34 MiB 80 modules
modules by path ./src/ 35.4 KiB
  modules by path ./src/*.css 16.8 KiB 4 modules
  modules by path ./src/components/*.js 9.12 KiB 3 modules
  modules by path ./src/*.js 9.41 KiB
    ./src/index.js 530 bytes [built] [code generated]
    ./src/App.js 8.89 KiB [built] [code generated]
modules by path ./.ve/ 15.1 KiB
  modules by path ./.ve/*.js 10.6 KiB 2 modules
  modules by path ./.ve/*.css 2.93 KiB 2 modules
  ./.ve/EditorOverlay.jsx 1.58 KiB [built] [code generated]
webpack 5.99.9 compiled successfully in 1584 ms
assets by status 1.98 KiB [cached] 1 asset
assets by path *.js 1.6 MiB
  asset bundle.js 1.59 MiB [emitted] (name: main)
  asset main.2d3ad6098bdc0bcf6cfc.hot-update.js 15.8 KiB [emitted] [immutable] [hmr] (name: main)
asset main.2d3ad6098bdc0bcf6cfc.hot-update.json 28 bytes [emitted] [immutable] [hmr]
Entrypoint main 1.6 MiB = bundle.js 1.59 MiB main.2d3ad6098bdc0bcf6cfc.hot-update.js 15.8 KiB
cached modules 1.38 MiB [cached] 94 modules
runtime modules 27.5 KiB 14 modules
./src/App.js 10.6 KiB [built] [code generated]
webpack 5.99.9 compiled successfully in 161 ms
assets by status 1.98 KiB [cached] 1 asset
assets by path *.js 1.6 MiB
  asset bundle.js 1.59 MiB [emitted] (name: main)
  asset main.36040f2aa5a8d88fdf92.hot-update.js 5.48 KiB [emitted] [immutable] [hmr] (name: main)
asset main.36040f2aa5a8d88fdf92.hot-update.json 28 bytes [emitted] [immutable] [hmr]
Entrypoint main 1.6 MiB = bundle.js 1.59 MiB main.36040f2aa5a8d88fdf92.hot-update.js 5.48 KiB
cached modules 1.39 MiB [cached] 94 modules
runtime modules 27.5 KiB 14 modules
./src/components/BookCard.js 3.08 KiB [built] [code generated]
webpack 5.99.9 compiled successfully in 53 ms
assets by status 1.98 KiB [cached] 1 asset
assets by path *.js 1.6 MiB
  asset bundle.js 1.59 MiB [emitted] (name: main)
  asset main.5b542847c5049b4d4d6a.hot-update.js 9.98 KiB [emitted] [immutable] [hmr] (name: main)
asset main.5b542847c5049b4d4d6a.hot-update.json 28 bytes [emitted] [immutable] [hmr]
Entrypoint main 1.6 MiB = bundle.js 1.59 MiB main.5b542847c5049b4d4d6a.hot-update.js 9.98 KiB
cached modules 1.39 MiB [cached] 94 modules
runtime modules 27.5 KiB 14 modules
./src/components/BookModal.js 6.71 KiB [built] [code generated]
webpack 5.99.9 compiled successfully in 70 ms
assets by status 1.98 KiB [cached] 1 asset
assets by path *.js 1.61 MiB
  asset bundle.js 1.6 MiB [emitted] (name: main)
  asset main.5c70128897a2bdf5d5f3.hot-update.js 11 KiB [emitted] [immutable] [hmr] (name: main)
asset main.5c70128897a2bdf5d5f3.hot-update.json 28 bytes [emitted] [immutable] [hmr]
Entrypoint main 1.61 MiB = bundle.js 1.6 MiB main.5c70128897a2bdf5d5f3.hot-update.js 11 KiB
cached modules 1.39 MiB [cached] 94 modules
runtime modules 27.5 KiB 14 modules
./src/components/FavoritesDrawer.js 7.56 KiB [built] [code generated]
webpack 5.99.9 compiled successfully in 69 ms
assets by status 1.98 KiB [cached] 1 asset
assets by path *.js 1.6 MiB
  asset bundle.js 1.6 MiB [emitted] (name: main)
  asset main.c9f67857edfbe9ba5998.hot-update.js 4.21 KiB [emitted] [immutable] [hmr] (name: main)
asset main.c9f67857edfbe9ba5998.hot-update.json 28 bytes [emitted] [immutable] [hmr]
Entrypoint main 1.6 MiB = bundle.js 1.6 MiB main.c9f67857edfbe9ba5998.hot-update.js 4.21 KiB
cached modules 1.4 MiB [cached] 94 modules
runtime modules 27.5 KiB 14 modules
./node_modules/css-loader/dist/cjs.js!./src/index.css 1.78 KiB [built] [code generated]
webpack 5.99.9 compiled successfully in 39 ms
